<?xml version="1.0" encoding="UTF-8"?>
<TestRun id="9f5a5131-7067-4c1d-9f2b-7c3afc9cade6" name="NivNavick@NIVNAVICK-PC 2014-07-28 21:47:29" runUser="NivNavick-PC\NivNavick" xmlns="http://microsoft.com/schemas/VisualStudio/TeamTest/2010">
  <TestSettings name="Local" id="85f355b9-d0ff-4687-b7f5-44bd9ec7677b">
    <Description>These are default test settings for a local test run.</Description>
    <Deployment enabled="false" runDeploymentRoot="NivNavick_NIVNAVICK-PC 2014-07-28 21_47_29">
      <DeploymentItem filename="C:\Users\NivNavick\Desktop\ProLogWin\ProLog\ProLogUnitTest\bin\Debug\Sample.dll" />
      <DeploymentItem filename="C:\Users\NivNavick\Desktop\ProLogWin\ProLog\packages\CommonServiceLocator.1.0\lib\NET35\Microsoft.Practices.ServiceLocation.dll" />
      <DeploymentItem filename="C:\Users\NivNavick\Desktop\ProLogWin\ProLog\ProLoggerTests\Dll\HttpWebAdapters.dll" />
      <DeploymentItem filename="C:\Users\NivNavick\Desktop\ProLogWin\ProLog\packages\SolrNet.0.3.1\lib\SolrNet.dll" />
      <DeploymentItem filename="C:\Users\NivNavick\Desktop\ProLogWin\ProLog\ProLog\bin\Release\ProLog.dll" />
    </Deployment>
    <Execution>
      <TestTypeSpecific />
      <AgentRule name="Execution Agents">
      </AgentRule>
    </Execution>
  </TestSettings>
  <Times creation="2014-07-28T21:47:29.2650000+03:00" queuing="2014-07-28T21:47:32.4820000+03:00" start="2014-07-28T21:47:32.7310000+03:00" finish="2014-07-28T21:47:42.8660000+03:00" />
  <ResultSummary outcome="Failed">
    <Counters total="20" executed="20" passed="7" error="0" failed="13" timeout="0" aborted="0" inconclusive="0" passedButRunAborted="0" notRunnable="0" notExecuted="0" disconnected="0" warning="1" completed="0" inProgress="0" pending="0" />
    <Output>
      <StdOut>C:\Users\NivNavick\Desktop\ProLogWin\ProLog\ProLog\bin\Debug\Logs\Html5\ProLogTests 7.28.2014 9-47-34 PM.html
</StdOut>
    </Output>
  </ResultSummary>
  <TestDefinitions>
    <UnitTest name="DeleteDirectory" storage="c:\users\nivnavick\desktop\prologwin\prolog\prologgertests\bin\release\prologgertests.dll" id="b163a49a-4f7d-16db-1951-614f757c5cbc">
      <Execution id="b556bb4a-b35e-4d09-8d96-28684e2b26f3" />
      <TestMethod codeBase="C:/Users/NivNavick/Desktop/ProLogWin/ProLog/ProLoggerTests/bin/Release/ProLoggerTests.DLL" adapterTypeName="Microsoft.VisualStudio.TestTools.TestTypes.Unit.UnitTestAdapter, Microsoft.VisualStudio.QualityTools.Tips.UnitTest.Adapter, Version=10.0.0.0, Culture=neutral, PublicKeyToken=b03f5f7f11d50a3a" className="ProLoggerTests.UnitTest2, ProLoggerTests, Version=1.0.0.0, Culture=neutral, PublicKeyToken=null" name="DeleteDirectory" />
    </UnitTest>
    <UnitTest name="FailedTests" storage="c:\users\nivnavick\desktop\prologwin\prolog\prologgertests\bin\release\prologgertests.dll" id="0718bc33-9991-fdc4-06f4-2535e017419d">
      <Execution id="efbfa2a4-f0b9-459f-b64d-84a143f36170" />
      <TestMethod codeBase="C:/Users/NivNavick/Desktop/ProLogWin/ProLog/ProLoggerTests/bin/Release/ProLoggerTests.DLL" adapterTypeName="Microsoft.VisualStudio.TestTools.TestTypes.Unit.UnitTestAdapter, Microsoft.VisualStudio.QualityTools.Tips.UnitTest.Adapter, Version=10.0.0.0, Culture=neutral, PublicKeyToken=b03f5f7f11d50a3a" className="ProLoggerTests.UnitTest1, ProLoggerTests, Version=1.0.0.0, Culture=neutral, PublicKeyToken=null" name="FailedTests" />
    </UnitTest>
    <UnitTest name="MixedStatuses" storage="c:\users\nivnavick\desktop\prologwin\prolog\prologgertests\bin\release\prologgertests.dll" id="61806122-dba6-f45a-9132-1c39b4d5999b">
      <Execution id="ff7c69a0-2508-49a9-81b1-e21a773a9ff5" />
      <TestMethod codeBase="C:/Users/NivNavick/Desktop/ProLogWin/ProLog/ProLoggerTests/bin/Release/ProLoggerTests.DLL" adapterTypeName="Microsoft.VisualStudio.TestTools.TestTypes.Unit.UnitTestAdapter, Microsoft.VisualStudio.QualityTools.Tips.UnitTest.Adapter, Version=10.0.0.0, Culture=neutral, PublicKeyToken=b03f5f7f11d50a3a" className="ProLoggerTests.UnitTest2, ProLoggerTests, Version=1.0.0.0, Culture=neutral, PublicKeyToken=null" name="MixedStatuses" />
    </UnitTest>
    <UnitTest name="CombineAll" storage="c:\users\nivnavick\desktop\prologwin\prolog\prologgertests\bin\release\prologgertests.dll" id="f476a9b7-f1bc-a53d-8141-2f34a9c94ab3">
      <Execution id="76bcf433-e096-4849-b2f0-2676a10a3bff" />
      <TestMethod codeBase="C:/Users/NivNavick/Desktop/ProLogWin/ProLog/ProLoggerTests/bin/Release/ProLoggerTests.DLL" adapterTypeName="Microsoft.VisualStudio.TestTools.TestTypes.Unit.UnitTestAdapter, Microsoft.VisualStudio.QualityTools.Tips.UnitTest.Adapter, Version=10.0.0.0, Culture=neutral, PublicKeyToken=b03f5f7f11d50a3a" className="ProLoggerTests.UnitTest1, ProLoggerTests, Version=1.0.0.0, Culture=neutral, PublicKeyToken=null" name="CombineAll" />
    </UnitTest>
    <UnitTest name="FailedTests" storage="c:\users\nivnavick\desktop\prologwin\prolog\prologgertests\bin\release\prologgertests.dll" id="032cb730-2395-a2cb-bb34-0e8888c66ffb">
      <Execution id="c4071526-9429-4b72-9cb9-15a9c29fe7c5" />
      <TestMethod codeBase="C:/Users/NivNavick/Desktop/ProLogWin/ProLog/ProLoggerTests/bin/Release/ProLoggerTests.DLL" adapterTypeName="Microsoft.VisualStudio.TestTools.TestTypes.Unit.UnitTestAdapter, Microsoft.VisualStudio.QualityTools.Tips.UnitTest.Adapter, Version=10.0.0.0, Culture=neutral, PublicKeyToken=b03f5f7f11d50a3a" className="ProLoggerTests.UnitTest2, ProLoggerTests, Version=1.0.0.0, Culture=neutral, PublicKeyToken=null" name="FailedTests" />
    </UnitTest>
    <UnitTest name="FileNotFound" storage="c:\users\nivnavick\desktop\prologwin\prolog\prologgertests\bin\release\prologgertests.dll" id="e579fdbe-8eba-891e-16cc-7a6f7afaa47f">
      <Execution id="b0ac500f-e4b1-4950-b404-d738c01cde86" />
      <TestMethod codeBase="C:/Users/NivNavick/Desktop/ProLogWin/ProLog/ProLoggerTests/bin/Release/ProLoggerTests.DLL" adapterTypeName="Microsoft.VisualStudio.TestTools.TestTypes.Unit.UnitTestAdapter, Microsoft.VisualStudio.QualityTools.Tips.UnitTest.Adapter, Version=10.0.0.0, Culture=neutral, PublicKeyToken=b03f5f7f11d50a3a" className="ProLoggerTests.UnitTest1, ProLoggerTests, Version=1.0.0.0, Culture=neutral, PublicKeyToken=null" name="FileNotFound" />
    </UnitTest>
    <UnitTest name="InvalidCasting" storage="c:\users\nivnavick\desktop\prologwin\prolog\prologgertests\bin\release\prologgertests.dll" id="05b13c37-a5b9-9c0c-bcf3-85a311381659">
      <Execution id="ff532a62-d7fa-43a7-8fe7-2df9f0d471c2" />
      <TestMethod codeBase="C:/Users/NivNavick/Desktop/ProLogWin/ProLog/ProLoggerTests/bin/Release/ProLoggerTests.DLL" adapterTypeName="Microsoft.VisualStudio.TestTools.TestTypes.Unit.UnitTestAdapter, Microsoft.VisualStudio.QualityTools.Tips.UnitTest.Adapter, Version=10.0.0.0, Culture=neutral, PublicKeyToken=b03f5f7f11d50a3a" className="ProLoggerTests.UnitTest1, ProLoggerTests, Version=1.0.0.0, Culture=neutral, PublicKeyToken=null" name="InvalidCasting" />
    </UnitTest>
    <UnitTest name="EditedException" storage="c:\users\nivnavick\desktop\prologwin\prolog\prologgertests\bin\release\prologgertests.dll" id="d21015bb-9244-ed1d-ec9e-153dec9d99ad">
      <Execution id="0b2d5af9-a16a-4892-9f82-965dd10e9bd6" />
      <TestMethod codeBase="C:/Users/NivNavick/Desktop/ProLogWin/ProLog/ProLoggerTests/bin/Release/ProLoggerTests.DLL" adapterTypeName="Microsoft.VisualStudio.TestTools.TestTypes.Unit.UnitTestAdapter, Microsoft.VisualStudio.QualityTools.Tips.UnitTest.Adapter, Version=10.0.0.0, Culture=neutral, PublicKeyToken=b03f5f7f11d50a3a" className="ProLoggerTests.UnitTest1, ProLoggerTests, Version=1.0.0.0, Culture=neutral, PublicKeyToken=null" name="EditedException" />
    </UnitTest>
    <UnitTest name="WarnTest" storage="c:\users\nivnavick\desktop\prologwin\prolog\prologgertests\bin\release\prologgertests.dll" id="5e3cd15a-aba7-333e-80af-38c992a98a19">
      <Execution id="e62eeea5-984e-4eb1-87a5-22c4fec39062" />
      <TestMethod codeBase="C:/Users/NivNavick/Desktop/ProLogWin/ProLog/ProLoggerTests/bin/Release/ProLoggerTests.DLL" adapterTypeName="Microsoft.VisualStudio.TestTools.TestTypes.Unit.UnitTestAdapter, Microsoft.VisualStudio.QualityTools.Tips.UnitTest.Adapter, Version=10.0.0.0, Culture=neutral, PublicKeyToken=b03f5f7f11d50a3a" className="ProLoggerTests.UnitTest1, ProLoggerTests, Version=1.0.0.0, Culture=neutral, PublicKeyToken=null" name="WarnTest" />
    </UnitTest>
    <UnitTest name="PassedTests" storage="c:\users\nivnavick\desktop\prologwin\prolog\prologgertests\bin\release\prologgertests.dll" id="e1750fc9-865e-47ec-14b0-0fa51b026207">
      <Execution id="59bf0094-ee86-4bfc-88f6-ffbc92e2f573" />
      <TestMethod codeBase="C:/Users/NivNavick/Desktop/ProLogWin/ProLog/ProLoggerTests/bin/Release/ProLoggerTests.DLL" adapterTypeName="Microsoft.VisualStudio.TestTools.TestTypes.Unit.UnitTestAdapter, Microsoft.VisualStudio.QualityTools.Tips.UnitTest.Adapter, Version=10.0.0.0, Culture=neutral, PublicKeyToken=b03f5f7f11d50a3a" className="ProLoggerTests.UnitTest1, ProLoggerTests, Version=1.0.0.0, Culture=neutral, PublicKeyToken=null" name="PassedTests" />
    </UnitTest>
    <UnitTest name="InfoTests" storage="c:\users\nivnavick\desktop\prologwin\prolog\prologgertests\bin\release\prologgertests.dll" id="18575743-c262-c8ff-3eec-19d77b980e8c">
      <Execution id="b081eb5d-cc75-44a5-93b0-18315b8c4c33" />
      <TestMethod codeBase="C:/Users/NivNavick/Desktop/ProLogWin/ProLog/ProLoggerTests/bin/Release/ProLoggerTests.DLL" adapterTypeName="Microsoft.VisualStudio.TestTools.TestTypes.Unit.UnitTestAdapter, Microsoft.VisualStudio.QualityTools.Tips.UnitTest.Adapter, Version=10.0.0.0, Culture=neutral, PublicKeyToken=b03f5f7f11d50a3a" className="ProLoggerTests.UnitTest1, ProLoggerTests, Version=1.0.0.0, Culture=neutral, PublicKeyToken=null" name="InfoTests" />
    </UnitTest>
    <UnitTest name="TestMethod1" storage="c:\users\nivnavick\desktop\prologwin\prolog\prologgertests\bin\release\prologgertests.dll" id="82c8f51e-8162-f67a-d72c-a8cc348fbdb4">
      <Execution id="0456c608-ccf7-482b-aa8d-88c42020dece" />
      <TestMethod codeBase="C:/Users/NivNavick/Desktop/ProLogWin/ProLog/ProLoggerTests/bin/Release/ProLoggerTests.DLL" adapterTypeName="Microsoft.VisualStudio.TestTools.TestTypes.Unit.UnitTestAdapter, Microsoft.VisualStudio.QualityTools.Tips.UnitTest.Adapter, Version=10.0.0.0, Culture=neutral, PublicKeyToken=b03f5f7f11d50a3a" className="ProLoggerTests.Tests.PassedReportsTests, ProLoggerTests, Version=1.0.0.0, Culture=neutral, PublicKeyToken=null" name="TestMethod1" />
    </UnitTest>
    <UnitTest name="ExternalDllException" storage="c:\users\nivnavick\desktop\prologwin\prolog\prologgertests\bin\release\prologgertests.dll" id="807c49a5-5da5-6080-a629-cfb6753fa8fb">
      <Execution id="4f5fc431-38c6-4aa6-bf8f-be553076c12a" />
      <TestMethod codeBase="C:/Users/NivNavick/Desktop/ProLogWin/ProLog/ProLoggerTests/bin/Release/ProLoggerTests.DLL" adapterTypeName="Microsoft.VisualStudio.TestTools.TestTypes.Unit.UnitTestAdapter, Microsoft.VisualStudio.QualityTools.Tips.UnitTest.Adapter, Version=10.0.0.0, Culture=neutral, PublicKeyToken=b03f5f7f11d50a3a" className="ProLoggerTests.UnitTest1, ProLoggerTests, Version=1.0.0.0, Culture=neutral, PublicKeyToken=null" name="ExternalDllException" />
    </UnitTest>
    <UnitTest name="InvalidCasting" storage="c:\users\nivnavick\desktop\prologwin\prolog\prologgertests\bin\release\prologgertests.dll" id="149e145c-a0f7-1f90-a8ec-3c81bf4de94d">
      <Execution id="818542a2-479b-49b5-958b-37b07eca6377" />
      <TestMethod codeBase="C:/Users/NivNavick/Desktop/ProLogWin/ProLog/ProLoggerTests/bin/Release/ProLoggerTests.DLL" adapterTypeName="Microsoft.VisualStudio.TestTools.TestTypes.Unit.UnitTestAdapter, Microsoft.VisualStudio.QualityTools.Tips.UnitTest.Adapter, Version=10.0.0.0, Culture=neutral, PublicKeyToken=b03f5f7f11d50a3a" className="ProLoggerTests.UnitTest2, ProLoggerTests, Version=1.0.0.0, Culture=neutral, PublicKeyToken=null" name="InvalidCasting" />
    </UnitTest>
    <UnitTest name="ExternalDllException" storage="c:\users\nivnavick\desktop\prologwin\prolog\prologgertests\bin\release\prologgertests.dll" id="b5d1a81b-862a-ded2-c1d5-aa79158c5616">
      <Execution id="45ec1abb-ec9a-49b3-844c-8acc9247a615" />
      <TestMethod codeBase="C:/Users/NivNavick/Desktop/ProLogWin/ProLog/ProLoggerTests/bin/Release/ProLoggerTests.DLL" adapterTypeName="Microsoft.VisualStudio.TestTools.TestTypes.Unit.UnitTestAdapter, Microsoft.VisualStudio.QualityTools.Tips.UnitTest.Adapter, Version=10.0.0.0, Culture=neutral, PublicKeyToken=b03f5f7f11d50a3a" className="ProLoggerTests.UnitTest2, ProLoggerTests, Version=1.0.0.0, Culture=neutral, PublicKeyToken=null" name="ExternalDllException" />
    </UnitTest>
    <UnitTest name="MixedStatuses" storage="c:\users\nivnavick\desktop\prologwin\prolog\prologgertests\bin\release\prologgertests.dll" id="0c144b31-5a9c-3f6c-3361-d370de09efe3">
      <Execution id="3892e09f-b385-418d-a2fd-6159f9a70c83" />
      <TestMethod codeBase="C:/Users/NivNavick/Desktop/ProLogWin/ProLog/ProLoggerTests/bin/Release/ProLoggerTests.DLL" adapterTypeName="Microsoft.VisualStudio.TestTools.TestTypes.Unit.UnitTestAdapter, Microsoft.VisualStudio.QualityTools.Tips.UnitTest.Adapter, Version=10.0.0.0, Culture=neutral, PublicKeyToken=b03f5f7f11d50a3a" className="ProLoggerTests.UnitTest1, ProLoggerTests, Version=1.0.0.0, Culture=neutral, PublicKeyToken=null" name="MixedStatuses" />
    </UnitTest>
    <UnitTest name="PassedTests" storage="c:\users\nivnavick\desktop\prologwin\prolog\prologgertests\bin\release\prologgertests.dll" id="6901c10d-81e8-b445-fa0b-4097995a00a8">
      <Execution id="2e7cbc57-dd97-4df9-9c84-96868fbad676" />
      <TestMethod codeBase="C:/Users/NivNavick/Desktop/ProLogWin/ProLog/ProLoggerTests/bin/Release/ProLoggerTests.DLL" adapterTypeName="Microsoft.VisualStudio.TestTools.TestTypes.Unit.UnitTestAdapter, Microsoft.VisualStudio.QualityTools.Tips.UnitTest.Adapter, Version=10.0.0.0, Culture=neutral, PublicKeyToken=b03f5f7f11d50a3a" className="ProLoggerTests.UnitTest2, ProLoggerTests, Version=1.0.0.0, Culture=neutral, PublicKeyToken=null" name="PassedTests" />
    </UnitTest>
    <UnitTest name="DeleteDirectory" storage="c:\users\nivnavick\desktop\prologwin\prolog\prologgertests\bin\release\prologgertests.dll" id="81203687-7634-de36-0435-3479fc4da8da">
      <Execution id="cfda11a4-97b5-4c8b-bdea-6f7f693fd2e2" />
      <TestMethod codeBase="C:/Users/NivNavick/Desktop/ProLogWin/ProLog/ProLoggerTests/bin/Release/ProLoggerTests.DLL" adapterTypeName="Microsoft.VisualStudio.TestTools.TestTypes.Unit.UnitTestAdapter, Microsoft.VisualStudio.QualityTools.Tips.UnitTest.Adapter, Version=10.0.0.0, Culture=neutral, PublicKeyToken=b03f5f7f11d50a3a" className="ProLoggerTests.UnitTest1, ProLoggerTests, Version=1.0.0.0, Culture=neutral, PublicKeyToken=null" name="DeleteDirectory" />
    </UnitTest>
    <UnitTest name="FileNotFound" storage="c:\users\nivnavick\desktop\prologwin\prolog\prologgertests\bin\release\prologgertests.dll" id="398cb8d0-71b4-00f9-acea-bd8e48815244">
      <Execution id="669e302a-a9d1-435c-a452-2e8cae954a31" />
      <TestMethod codeBase="C:/Users/NivNavick/Desktop/ProLogWin/ProLog/ProLoggerTests/bin/Release/ProLoggerTests.DLL" adapterTypeName="Microsoft.VisualStudio.TestTools.TestTypes.Unit.UnitTestAdapter, Microsoft.VisualStudio.QualityTools.Tips.UnitTest.Adapter, Version=10.0.0.0, Culture=neutral, PublicKeyToken=b03f5f7f11d50a3a" className="ProLoggerTests.UnitTest2, ProLoggerTests, Version=1.0.0.0, Culture=neutral, PublicKeyToken=null" name="FileNotFound" />
    </UnitTest>
    <UnitTest name="InfoTests" storage="c:\users\nivnavick\desktop\prologwin\prolog\prologgertests\bin\release\prologgertests.dll" id="f023d3af-3d19-0d05-ad09-fbfb0ef6d43b">
      <Execution id="d968d899-41b0-493a-8587-3b392f3c5720" />
      <TestMethod codeBase="C:/Users/NivNavick/Desktop/ProLogWin/ProLog/ProLoggerTests/bin/Release/ProLoggerTests.DLL" adapterTypeName="Microsoft.VisualStudio.TestTools.TestTypes.Unit.UnitTestAdapter, Microsoft.VisualStudio.QualityTools.Tips.UnitTest.Adapter, Version=10.0.0.0, Culture=neutral, PublicKeyToken=b03f5f7f11d50a3a" className="ProLoggerTests.UnitTest2, ProLoggerTests, Version=1.0.0.0, Culture=neutral, PublicKeyToken=null" name="InfoTests" />
    </UnitTest>
  </TestDefinitions>
  <TestLists>
    <TestList name="Results Not in a List" id="8c84fa94-04c1-424b-9868-57a2d4851a1d" />
    <TestList name="All Loaded Results" id="19431567-8539-422a-85d7-44ee4e166bda" />
  </TestLists>
  <TestEntries>
    <TestEntry testId="0c144b31-5a9c-3f6c-3361-d370de09efe3" executionId="3892e09f-b385-418d-a2fd-6159f9a70c83" testListId="8c84fa94-04c1-424b-9868-57a2d4851a1d" />
    <TestEntry testId="d21015bb-9244-ed1d-ec9e-153dec9d99ad" executionId="0b2d5af9-a16a-4892-9f82-965dd10e9bd6" testListId="8c84fa94-04c1-424b-9868-57a2d4851a1d" />
    <TestEntry testId="05b13c37-a5b9-9c0c-bcf3-85a311381659" executionId="ff532a62-d7fa-43a7-8fe7-2df9f0d471c2" testListId="8c84fa94-04c1-424b-9868-57a2d4851a1d" />
    <TestEntry testId="e1750fc9-865e-47ec-14b0-0fa51b026207" executionId="59bf0094-ee86-4bfc-88f6-ffbc92e2f573" testListId="8c84fa94-04c1-424b-9868-57a2d4851a1d" />
    <TestEntry testId="0718bc33-9991-fdc4-06f4-2535e017419d" executionId="efbfa2a4-f0b9-459f-b64d-84a143f36170" testListId="8c84fa94-04c1-424b-9868-57a2d4851a1d" />
    <TestEntry testId="5e3cd15a-aba7-333e-80af-38c992a98a19" executionId="e62eeea5-984e-4eb1-87a5-22c4fec39062" testListId="8c84fa94-04c1-424b-9868-57a2d4851a1d" />
    <TestEntry testId="18575743-c262-c8ff-3eec-19d77b980e8c" executionId="b081eb5d-cc75-44a5-93b0-18315b8c4c33" testListId="8c84fa94-04c1-424b-9868-57a2d4851a1d" />
    <TestEntry testId="807c49a5-5da5-6080-a629-cfb6753fa8fb" executionId="4f5fc431-38c6-4aa6-bf8f-be553076c12a" testListId="8c84fa94-04c1-424b-9868-57a2d4851a1d" />
    <TestEntry testId="e579fdbe-8eba-891e-16cc-7a6f7afaa47f" executionId="b0ac500f-e4b1-4950-b404-d738c01cde86" testListId="8c84fa94-04c1-424b-9868-57a2d4851a1d" />
    <TestEntry testId="81203687-7634-de36-0435-3479fc4da8da" executionId="cfda11a4-97b5-4c8b-bdea-6f7f693fd2e2" testListId="8c84fa94-04c1-424b-9868-57a2d4851a1d" />
    <TestEntry testId="f476a9b7-f1bc-a53d-8141-2f34a9c94ab3" executionId="76bcf433-e096-4849-b2f0-2676a10a3bff" testListId="8c84fa94-04c1-424b-9868-57a2d4851a1d" />
    <TestEntry testId="61806122-dba6-f45a-9132-1c39b4d5999b" executionId="ff7c69a0-2508-49a9-81b1-e21a773a9ff5" testListId="8c84fa94-04c1-424b-9868-57a2d4851a1d" />
    <TestEntry testId="149e145c-a0f7-1f90-a8ec-3c81bf4de94d" executionId="818542a2-479b-49b5-958b-37b07eca6377" testListId="8c84fa94-04c1-424b-9868-57a2d4851a1d" />
    <TestEntry testId="6901c10d-81e8-b445-fa0b-4097995a00a8" executionId="2e7cbc57-dd97-4df9-9c84-96868fbad676" testListId="8c84fa94-04c1-424b-9868-57a2d4851a1d" />
    <TestEntry testId="032cb730-2395-a2cb-bb34-0e8888c66ffb" executionId="c4071526-9429-4b72-9cb9-15a9c29fe7c5" testListId="8c84fa94-04c1-424b-9868-57a2d4851a1d" />
    <TestEntry testId="f023d3af-3d19-0d05-ad09-fbfb0ef6d43b" executionId="d968d899-41b0-493a-8587-3b392f3c5720" testListId="8c84fa94-04c1-424b-9868-57a2d4851a1d" />
    <TestEntry testId="b5d1a81b-862a-ded2-c1d5-aa79158c5616" executionId="45ec1abb-ec9a-49b3-844c-8acc9247a615" testListId="8c84fa94-04c1-424b-9868-57a2d4851a1d" />
    <TestEntry testId="398cb8d0-71b4-00f9-acea-bd8e48815244" executionId="669e302a-a9d1-435c-a452-2e8cae954a31" testListId="8c84fa94-04c1-424b-9868-57a2d4851a1d" />
    <TestEntry testId="b163a49a-4f7d-16db-1951-614f757c5cbc" executionId="b556bb4a-b35e-4d09-8d96-28684e2b26f3" testListId="8c84fa94-04c1-424b-9868-57a2d4851a1d" />
    <TestEntry testId="82c8f51e-8162-f67a-d72c-a8cc348fbdb4" executionId="0456c608-ccf7-482b-aa8d-88c42020dece" testListId="8c84fa94-04c1-424b-9868-57a2d4851a1d" />
  </TestEntries>
  <Results>
    <UnitTestResult executionId="3892e09f-b385-418d-a2fd-6159f9a70c83" testId="0c144b31-5a9c-3f6c-3361-d370de09efe3" testName="MixedStatuses" computerName="NIVNAVICK-PC" duration="00:00:00.1386413" startTime="2014-07-28T21:47:32.9320000+03:00" endTime="2014-07-28T21:47:37.7860000+03:00" testType="13cdc9d9-ddb5-4fa4-a97d-d965ccfc6d4b" outcome="Failed" testListId="8c84fa94-04c1-424b-9868-57a2d4851a1d" relativeResultsDirectory="3892e09f-b385-418d-a2fd-6159f9a70c83">
      <Output>
        <ErrorInfo>
          <Message>Assert.Fail failed. Dll throws exception </Message>
          <StackTrace>   at ProLog.Utils.Reporters.SetAssert(TestStatus reportStatus, String message, Boolean useAsserts, Boolean iterate) in C:\Users\NivNavick\Desktop\ProLogWin\ProLog\ProLog\Utils\Reporters.cs:line 37
   at ProLog.Utils.Reporters.AddLogRow(TestStatus reportStatus, String function, String message, String exception) in C:\Users\NivNavick\Desktop\ProLogWin\ProLog\ProLog\Utils\Reporters.cs:line 86
   at ProLog.Utils.Reporters.ReportLog(TestStatus reportStatus, String function, String message, Exception exception) in C:\Users\NivNavick\Desktop\ProLogWin\ProLog\ProLog\Utils\Reporters.cs:line 114
   at ProLoggerTests.UnitTest1.MixedStatuses() in C:\Users\NivNavick\Desktop\ProLogWin\ProLog\ProLoggerTests\Tests\UnitTest1.cs:line 74
</StackTrace>
        </ErrorInfo>
      </Output>
    </UnitTestResult>
    <UnitTestResult executionId="0b2d5af9-a16a-4892-9f82-965dd10e9bd6" testId="d21015bb-9244-ed1d-ec9e-153dec9d99ad" testName="EditedException" computerName="NIVNAVICK-PC" duration="00:00:00.0008713" startTime="2014-07-28T21:47:37.8050000+03:00" endTime="2014-07-28T21:47:37.8400000+03:00" testType="13cdc9d9-ddb5-4fa4-a97d-d965ccfc6d4b" outcome="Warn" testListId="8c84fa94-04c1-424b-9868-57a2d4851a1d" relativeResultsDirectory="0b2d5af9-a16a-4892-9f82-965dd10e9bd6">
      <Output>
        <StdOut>Custom exception test</StdOut>
      </Output>
    </UnitTestResult>
    <UnitTestResult executionId="ff532a62-d7fa-43a7-8fe7-2df9f0d471c2" testId="05b13c37-a5b9-9c0c-bcf3-85a311381659" testName="InvalidCasting" computerName="NIVNAVICK-PC" duration="00:00:00.1340280" startTime="2014-07-28T21:47:37.8520000+03:00" endTime="2014-07-28T21:47:38.0080000+03:00" testType="13cdc9d9-ddb5-4fa4-a97d-d965ccfc6d4b" outcome="Failed" testListId="8c84fa94-04c1-424b-9868-57a2d4851a1d" relativeResultsDirectory="ff532a62-d7fa-43a7-8fe7-2df9f0d471c2">
      <Output>
        <ErrorInfo>
          <Message>Assert.Fail failed. Parsing vars</Message>
          <StackTrace>   at ProLog.Utils.Reporters.SetAssert(TestStatus reportStatus, String message, Boolean useAsserts, Boolean iterate) in C:\Users\NivNavick\Desktop\ProLogWin\ProLog\ProLog\Utils\Reporters.cs:line 37
   at ProLog.Utils.Reporters.AddLogRow(TestStatus reportStatus, String function, String message, String exception) in C:\Users\NivNavick\Desktop\ProLogWin\ProLog\ProLog\Utils\Reporters.cs:line 86
   at ProLog.Utils.Reporters.ReportLog(TestStatus reportStatus, String function, String message, Exception exception) in C:\Users\NivNavick\Desktop\ProLogWin\ProLog\ProLog\Utils\Reporters.cs:line 114
   at ProLoggerTests.UnitTest1.InvalidCasting() in C:\Users\NivNavick\Desktop\ProLogWin\ProLog\ProLoggerTests\Tests\UnitTest1.cs:line 105
</StackTrace>
        </ErrorInfo>
      </Output>
    </UnitTestResult>
    <UnitTestResult executionId="59bf0094-ee86-4bfc-88f6-ffbc92e2f573" testId="e1750fc9-865e-47ec-14b0-0fa51b026207" testName="PassedTests" computerName="NIVNAVICK-PC" duration="00:00:00.0008358" startTime="2014-07-28T21:47:38.0220000+03:00" endTime="2014-07-28T21:47:38.0430000+03:00" testType="13cdc9d9-ddb5-4fa4-a97d-d965ccfc6d4b" outcome="Passed" testListId="8c84fa94-04c1-424b-9868-57a2d4851a1d" relativeResultsDirectory="59bf0094-ee86-4bfc-88f6-ffbc92e2f573">
      <Output>
        <StdOut>P 
A 
message</StdOut>
      </Output>
    </UnitTestResult>
    <UnitTestResult executionId="efbfa2a4-f0b9-459f-b64d-84a143f36170" testId="0718bc33-9991-fdc4-06f4-2535e017419d" testName="FailedTests" computerName="NIVNAVICK-PC" duration="00:00:00.0262017" startTime="2014-07-28T21:47:38.0590000+03:00" endTime="2014-07-28T21:47:38.0990000+03:00" testType="13cdc9d9-ddb5-4fa4-a97d-d965ccfc6d4b" outcome="Failed" testListId="8c84fa94-04c1-424b-9868-57a2d4851a1d" relativeResultsDirectory="efbfa2a4-f0b9-459f-b64d-84a143f36170">
      <Output>
        <ErrorInfo>
          <Message>Assert.Fail failed. jijijijijbhbhghbh;</Message>
          <StackTrace>   at ProLog.Utils.Reporters.SetAssert(TestStatus reportStatus, String message, Boolean useAsserts, Boolean iterate) in C:\Users\NivNavick\Desktop\ProLogWin\ProLog\ProLog\Utils\Reporters.cs:line 37
   at ProLog.Utils.Reporters.AddLogRow(TestStatus reportStatus, String function, String message, String exception) in C:\Users\NivNavick\Desktop\ProLogWin\ProLog\ProLog\Utils\Reporters.cs:line 86
   at ProLog.Utils.Reporters.ReportLog(TestStatus reportStatus, String function, String message, String exception) in C:\Users\NivNavick\Desktop\ProLogWin\ProLog\ProLog\Utils\Reporters.cs:line 126
   at ProLoggerTests.UnitTest1.FailedTests() in C:\Users\NivNavick\Desktop\ProLogWin\ProLog\ProLoggerTests\Tests\UnitTest1.cs:line 123
</StackTrace>
        </ErrorInfo>
      </Output>
    </UnitTestResult>
    <UnitTestResult executionId="e62eeea5-984e-4eb1-87a5-22c4fec39062" testId="5e3cd15a-aba7-333e-80af-38c992a98a19" testName="WarnTest" computerName="NIVNAVICK-PC" duration="00:00:00.0003147" startTime="2014-07-28T21:47:38.1180000+03:00" endTime="2014-07-28T21:47:38.1320000+03:00" testType="13cdc9d9-ddb5-4fa4-a97d-d965ccfc6d4b" outcome="Passed" testListId="8c84fa94-04c1-424b-9868-57a2d4851a1d" relativeResultsDirectory="e62eeea5-984e-4eb1-87a5-22c4fec39062">
    </UnitTestResult>
    <UnitTestResult executionId="b081eb5d-cc75-44a5-93b0-18315b8c4c33" testId="18575743-c262-c8ff-3eec-19d77b980e8c" testName="InfoTests" computerName="NIVNAVICK-PC" duration="00:00:00.0006356" startTime="2014-07-28T21:47:38.1450000+03:00" endTime="2014-07-28T21:47:38.1590000+03:00" testType="13cdc9d9-ddb5-4fa4-a97d-d965ccfc6d4b" outcome="Passed" testListId="8c84fa94-04c1-424b-9868-57a2d4851a1d" relativeResultsDirectory="b081eb5d-cc75-44a5-93b0-18315b8c4c33">
      <Output>
        <StdOut>niv</StdOut>
      </Output>
    </UnitTestResult>
    <UnitTestResult executionId="4f5fc431-38c6-4aa6-bf8f-be553076c12a" testId="807c49a5-5da5-6080-a629-cfb6753fa8fb" testName="ExternalDllException" computerName="NIVNAVICK-PC" duration="00:00:00.0397799" startTime="2014-07-28T21:47:38.1750000+03:00" endTime="2014-07-28T21:47:38.2310000+03:00" testType="13cdc9d9-ddb5-4fa4-a97d-d965ccfc6d4b" outcome="Failed" testListId="8c84fa94-04c1-424b-9868-57a2d4851a1d" relativeResultsDirectory="4f5fc431-38c6-4aa6-bf8f-be553076c12a">
      <Output>
        <ErrorInfo>
          <Message>Assert.Fail failed. Dll throws exception </Message>
          <StackTrace>   at ProLog.Utils.Reporters.SetAssert(TestStatus reportStatus, String message, Boolean useAsserts, Boolean iterate) in C:\Users\NivNavick\Desktop\ProLogWin\ProLog\ProLog\Utils\Reporters.cs:line 37
   at ProLog.Utils.Reporters.AddLogRow(TestStatus reportStatus, String function, String message, String exception) in C:\Users\NivNavick\Desktop\ProLogWin\ProLog\ProLog\Utils\Reporters.cs:line 86
   at ProLog.Utils.Reporters.ReportLog(TestStatus reportStatus, String function, String message, Exception exception) in C:\Users\NivNavick\Desktop\ProLogWin\ProLog\ProLog\Utils\Reporters.cs:line 114
   at ProLoggerTests.UnitTest1.ExternalDllException() in C:\Users\NivNavick\Desktop\ProLogWin\ProLog\ProLoggerTests\Tests\UnitTest1.cs:line 151
</StackTrace>
        </ErrorInfo>
      </Output>
    </UnitTestResult>
    <UnitTestResult executionId="b0ac500f-e4b1-4950-b404-d738c01cde86" testId="e579fdbe-8eba-891e-16cc-7a6f7afaa47f" testName="FileNotFound" computerName="NIVNAVICK-PC" duration="00:00:00.0884997" startTime="2014-07-28T21:47:38.2530000+03:00" endTime="2014-07-28T21:47:38.3650000+03:00" testType="13cdc9d9-ddb5-4fa4-a97d-d965ccfc6d4b" outcome="Failed" testListId="8c84fa94-04c1-424b-9868-57a2d4851a1d" relativeResultsDirectory="b0ac500f-e4b1-4950-b404-d738c01cde86">
      <Output>
        <ErrorInfo>
          <Message>Assert.Fail failed. Read file lines failed </Message>
          <StackTrace>   at ProLog.Utils.Reporters.SetAssert(TestStatus reportStatus, String message, Boolean useAsserts, Boolean iterate) in C:\Users\NivNavick\Desktop\ProLogWin\ProLog\ProLog\Utils\Reporters.cs:line 37
   at ProLog.Utils.Reporters.AddLogRow(TestStatus reportStatus, String function, String message, String exception) in C:\Users\NivNavick\Desktop\ProLogWin\ProLog\ProLog\Utils\Reporters.cs:line 86
   at ProLog.Utils.Reporters.ReportLog(TestStatus reportStatus, String function, String message, Exception exception) in C:\Users\NivNavick\Desktop\ProLogWin\ProLog\ProLog\Utils\Reporters.cs:line 114
   at ProLoggerTests.UnitTest1.FileNotFound() in C:\Users\NivNavick\Desktop\ProLogWin\ProLog\ProLoggerTests\Tests\UnitTest1.cs:line 165
</StackTrace>
        </ErrorInfo>
      </Output>
    </UnitTestResult>
    <UnitTestResult executionId="cfda11a4-97b5-4c8b-bdea-6f7f693fd2e2" testId="81203687-7634-de36-0435-3479fc4da8da" testName="DeleteDirectory" computerName="NIVNAVICK-PC" duration="00:00:00.0362740" startTime="2014-07-28T21:47:38.3920000+03:00" endTime="2014-07-28T21:47:38.4510000+03:00" testType="13cdc9d9-ddb5-4fa4-a97d-d965ccfc6d4b" outcome="Failed" testListId="8c84fa94-04c1-424b-9868-57a2d4851a1d" relativeResultsDirectory="cfda11a4-97b5-4c8b-bdea-6f7f693fd2e2">
      <Output>
        <ErrorInfo>
          <Message>Assert.Fail failed. Delete directory </Message>
          <StackTrace>   at ProLog.Utils.Reporters.SetAssert(TestStatus reportStatus, String message, Boolean useAsserts, Boolean iterate) in C:\Users\NivNavick\Desktop\ProLogWin\ProLog\ProLog\Utils\Reporters.cs:line 37
   at ProLog.Utils.Reporters.AddLogRow(TestStatus reportStatus, String function, String message, String exception) in C:\Users\NivNavick\Desktop\ProLogWin\ProLog\ProLog\Utils\Reporters.cs:line 86
   at ProLog.Utils.Reporters.ReportLog(TestStatus reportStatus, String function, String message, Exception exception) in C:\Users\NivNavick\Desktop\ProLogWin\ProLog\ProLog\Utils\Reporters.cs:line 114
   at ProLoggerTests.UnitTest1.DeleteDirectory() in C:\Users\NivNavick\Desktop\ProLogWin\ProLog\ProLoggerTests\Tests\UnitTest1.cs:line 179
</StackTrace>
        </ErrorInfo>
      </Output>
    </UnitTestResult>
    <UnitTestResult executionId="76bcf433-e096-4849-b2f0-2676a10a3bff" testId="f476a9b7-f1bc-a53d-8141-2f34a9c94ab3" testName="CombineAll" computerName="NIVNAVICK-PC" duration="00:00:00.0398057" startTime="2014-07-28T21:47:38.4660000+03:00" endTime="2014-07-28T21:47:38.5190000+03:00" testType="13cdc9d9-ddb5-4fa4-a97d-d965ccfc6d4b" outcome="Failed" testListId="8c84fa94-04c1-424b-9868-57a2d4851a1d" relativeResultsDirectory="76bcf433-e096-4849-b2f0-2676a10a3bff">
      <Output>
        <StdOut>Tests passes
Tests got warn
Info about the test</StdOut>
        <ErrorInfo>
          <Message>Assert.Fail failed. Dll throws exception </Message>
          <StackTrace>   at ProLog.Utils.Reporters.SetAssert(TestStatus reportStatus, String message, Boolean useAsserts, Boolean iterate) in C:\Users\NivNavick\Desktop\ProLogWin\ProLog\ProLog\Utils\Reporters.cs:line 37
   at ProLog.Utils.Reporters.AddLogRow(TestStatus reportStatus, String function, String message, String exception) in C:\Users\NivNavick\Desktop\ProLogWin\ProLog\ProLog\Utils\Reporters.cs:line 86
   at ProLog.Utils.Reporters.ReportLog(TestStatus reportStatus, String function, String message, Exception exception) in C:\Users\NivNavick\Desktop\ProLogWin\ProLog\ProLog\Utils\Reporters.cs:line 114
   at ProLoggerTests.UnitTest1.CombineAll() in C:\Users\NivNavick\Desktop\ProLogWin\ProLog\ProLoggerTests\Tests\UnitTest1.cs:line 200
</StackTrace>
        </ErrorInfo>
      </Output>
    </UnitTestResult>
    <UnitTestResult executionId="ff7c69a0-2508-49a9-81b1-e21a773a9ff5" testId="61806122-dba6-f45a-9132-1c39b4d5999b" testName="MixedStatuses" computerName="NIVNAVICK-PC" duration="00:00:00.0572982" startTime="2014-07-28T21:47:38.5440000+03:00" endTime="2014-07-28T21:47:38.6200000+03:00" testType="13cdc9d9-ddb5-4fa4-a97d-d965ccfc6d4b" outcome="Failed" testListId="8c84fa94-04c1-424b-9868-57a2d4851a1d" relativeResultsDirectory="ff7c69a0-2508-49a9-81b1-e21a773a9ff5">
      <Output>
        <ErrorInfo>
          <Message>Assert.Fail failed. Dll throws exception </Message>
          <StackTrace>   at ProLog.Utils.Reporters.SetAssert(TestStatus reportStatus, String message, Boolean useAsserts, Boolean iterate) in C:\Users\NivNavick\Desktop\ProLogWin\ProLog\ProLog\Utils\Reporters.cs:line 37
   at ProLog.Utils.Reporters.AddLogRow(TestStatus reportStatus, String function, String message, String exception) in C:\Users\NivNavick\Desktop\ProLogWin\ProLog\ProLog\Utils\Reporters.cs:line 86
   at ProLog.Utils.Reporters.ReportLog(TestStatus reportStatus, String function, String message, Exception exception) in C:\Users\NivNavick\Desktop\ProLogWin\ProLog\ProLog\Utils\Reporters.cs:line 114
   at ProLoggerTests.UnitTest2.MixedStatuses() in C:\Users\NivNavick\Desktop\ProLogWin\ProLog\ProLoggerTests\UnitTest2.cs:line 80
</StackTrace>
        </ErrorInfo>
      </Output>
    </UnitTestResult>
    <UnitTestResult executionId="818542a2-479b-49b5-958b-37b07eca6377" testId="149e145c-a0f7-1f90-a8ec-3c81bf4de94d" testName="InvalidCasting" computerName="NIVNAVICK-PC" duration="00:00:00.0383064" startTime="2014-07-28T21:47:38.6360000+03:00" endTime="2014-07-28T21:47:38.6870000+03:00" testType="13cdc9d9-ddb5-4fa4-a97d-d965ccfc6d4b" outcome="Failed" testListId="8c84fa94-04c1-424b-9868-57a2d4851a1d" relativeResultsDirectory="818542a2-479b-49b5-958b-37b07eca6377">
      <Output>
        <ErrorInfo>
          <Message>Assert.Fail failed. Parsing vars</Message>
          <StackTrace>   at ProLog.Utils.Reporters.SetAssert(TestStatus reportStatus, String message, Boolean useAsserts, Boolean iterate) in C:\Users\NivNavick\Desktop\ProLogWin\ProLog\ProLog\Utils\Reporters.cs:line 37
   at ProLog.Utils.Reporters.AddLogRow(TestStatus reportStatus, String function, String message, String exception) in C:\Users\NivNavick\Desktop\ProLogWin\ProLog\ProLog\Utils\Reporters.cs:line 86
   at ProLog.Utils.Reporters.ReportLog(TestStatus reportStatus, String function, String message, Exception exception) in C:\Users\NivNavick\Desktop\ProLogWin\ProLog\ProLog\Utils\Reporters.cs:line 114
   at ProLoggerTests.UnitTest2.InvalidCasting() in C:\Users\NivNavick\Desktop\ProLogWin\ProLog\ProLoggerTests\UnitTest2.cs:line 105
</StackTrace>
        </ErrorInfo>
      </Output>
    </UnitTestResult>
    <UnitTestResult executionId="2e7cbc57-dd97-4df9-9c84-96868fbad676" testId="6901c10d-81e8-b445-fa0b-4097995a00a8" testName="PassedTests" computerName="NIVNAVICK-PC" duration="00:00:00.0002252" startTime="2014-07-28T21:47:38.7060000+03:00" endTime="2014-07-28T21:47:38.7200000+03:00" testType="13cdc9d9-ddb5-4fa4-a97d-d965ccfc6d4b" outcome="Passed" testListId="8c84fa94-04c1-424b-9868-57a2d4851a1d" relativeResultsDirectory="2e7cbc57-dd97-4df9-9c84-96868fbad676">
      <Output>
        <StdOut>P</StdOut>
      </Output>
    </UnitTestResult>
    <UnitTestResult executionId="c4071526-9429-4b72-9cb9-15a9c29fe7c5" testId="032cb730-2395-a2cb-bb34-0e8888c66ffb" testName="FailedTests" computerName="NIVNAVICK-PC" duration="00:00:00.0266534" startTime="2014-07-28T21:47:38.7370000+03:00" endTime="2014-07-28T21:47:38.7840000+03:00" testType="13cdc9d9-ddb5-4fa4-a97d-d965ccfc6d4b" outcome="Failed" testListId="8c84fa94-04c1-424b-9868-57a2d4851a1d" relativeResultsDirectory="c4071526-9429-4b72-9cb9-15a9c29fe7c5">
      <Output>
        <ErrorInfo>
          <Message>Assert.Fail failed. jijijijij;</Message>
          <StackTrace>   at ProLog.Utils.Reporters.SetAssert(TestStatus reportStatus, String message, Boolean useAsserts, Boolean iterate) in C:\Users\NivNavick\Desktop\ProLogWin\ProLog\ProLog\Utils\Reporters.cs:line 37
   at ProLog.Utils.Reporters.AddLogRow(TestStatus reportStatus, String function, String message, String exception) in C:\Users\NivNavick\Desktop\ProLogWin\ProLog\ProLog\Utils\Reporters.cs:line 86
   at ProLog.Utils.Reporters.ReportLog(TestStatus reportStatus, String function, String message, String exception) in C:\Users\NivNavick\Desktop\ProLogWin\ProLog\ProLog\Utils\Reporters.cs:line 126
   at ProLoggerTests.UnitTest2.FailedTests() in C:\Users\NivNavick\Desktop\ProLogWin\ProLog\ProLoggerTests\UnitTest2.cs:line 122
</StackTrace>
        </ErrorInfo>
      </Output>
    </UnitTestResult>
    <UnitTestResult executionId="d968d899-41b0-493a-8587-3b392f3c5720" testId="f023d3af-3d19-0d05-ad09-fbfb0ef6d43b" testName="InfoTests" computerName="NIVNAVICK-PC" duration="00:00:00.0002237" startTime="2014-07-28T21:47:38.8060000+03:00" endTime="2014-07-28T21:47:38.8210000+03:00" testType="13cdc9d9-ddb5-4fa4-a97d-d965ccfc6d4b" outcome="Passed" testListId="8c84fa94-04c1-424b-9868-57a2d4851a1d" relativeResultsDirectory="d968d899-41b0-493a-8587-3b392f3c5720">
      <Output>
        <StdOut>Info Tests</StdOut>
      </Output>
    </UnitTestResult>
    <UnitTestResult executionId="45ec1abb-ec9a-49b3-844c-8acc9247a615" testId="b5d1a81b-862a-ded2-c1d5-aa79158c5616" testName="ExternalDllException" computerName="NIVNAVICK-PC" duration="00:00:00.0355994" startTime="2014-07-28T21:47:38.8320000+03:00" endTime="2014-07-28T21:47:38.8820000+03:00" testType="13cdc9d9-ddb5-4fa4-a97d-d965ccfc6d4b" outcome="Failed" testListId="8c84fa94-04c1-424b-9868-57a2d4851a1d" relativeResultsDirectory="45ec1abb-ec9a-49b3-844c-8acc9247a615">
      <Output>
        <ErrorInfo>
          <Message>Assert.Fail failed. Dll throws exception </Message>
          <StackTrace>   at ProLog.Utils.Reporters.SetAssert(TestStatus reportStatus, String message, Boolean useAsserts, Boolean iterate) in C:\Users\NivNavick\Desktop\ProLogWin\ProLog\ProLog\Utils\Reporters.cs:line 37
   at ProLog.Utils.Reporters.AddLogRow(TestStatus reportStatus, String function, String message, String exception) in C:\Users\NivNavick\Desktop\ProLogWin\ProLog\ProLog\Utils\Reporters.cs:line 86
   at ProLog.Utils.Reporters.ReportLog(TestStatus reportStatus, String function, String message, Exception exception) in C:\Users\NivNavick\Desktop\ProLogWin\ProLog\ProLog\Utils\Reporters.cs:line 114
   at ProLoggerTests.UnitTest2.ExternalDllException() in C:\Users\NivNavick\Desktop\ProLogWin\ProLog\ProLoggerTests\UnitTest2.cs:line 143
</StackTrace>
        </ErrorInfo>
      </Output>
    </UnitTestResult>
    <UnitTestResult executionId="669e302a-a9d1-435c-a452-2e8cae954a31" testId="398cb8d0-71b4-00f9-acea-bd8e48815244" testName="FileNotFound" computerName="NIVNAVICK-PC" duration="00:00:00.0389710" startTime="2014-07-28T21:47:38.9040000+03:00" endTime="2014-07-28T21:47:38.9580000+03:00" testType="13cdc9d9-ddb5-4fa4-a97d-d965ccfc6d4b" outcome="Failed" testListId="8c84fa94-04c1-424b-9868-57a2d4851a1d" relativeResultsDirectory="669e302a-a9d1-435c-a452-2e8cae954a31">
      <Output>
        <ErrorInfo>
          <Message>Assert.Fail failed. Read file lines </Message>
          <StackTrace>   at ProLog.Utils.Reporters.SetAssert(TestStatus reportStatus, String message, Boolean useAsserts, Boolean iterate) in C:\Users\NivNavick\Desktop\ProLogWin\ProLog\ProLog\Utils\Reporters.cs:line 37
   at ProLog.Utils.Reporters.AddLogRow(TestStatus reportStatus, String function, String message, String exception) in C:\Users\NivNavick\Desktop\ProLogWin\ProLog\ProLog\Utils\Reporters.cs:line 86
   at ProLog.Utils.Reporters.ReportLog(TestStatus reportStatus, String function, String message, Exception exception) in C:\Users\NivNavick\Desktop\ProLogWin\ProLog\ProLog\Utils\Reporters.cs:line 114
   at ProLoggerTests.UnitTest2.FileNotFound() in C:\Users\NivNavick\Desktop\ProLogWin\ProLog\ProLoggerTests\UnitTest2.cs:line 158
</StackTrace>
        </ErrorInfo>
      </Output>
    </UnitTestResult>
    <UnitTestResult executionId="b556bb4a-b35e-4d09-8d96-28684e2b26f3" testId="b163a49a-4f7d-16db-1951-614f757c5cbc" testName="DeleteDirectory" computerName="NIVNAVICK-PC" duration="00:00:00.0356762" startTime="2014-07-28T21:47:38.9790000+03:00" endTime="2014-07-28T21:47:39.0280000+03:00" testType="13cdc9d9-ddb5-4fa4-a97d-d965ccfc6d4b" outcome="Failed" testListId="8c84fa94-04c1-424b-9868-57a2d4851a1d" relativeResultsDirectory="b556bb4a-b35e-4d09-8d96-28684e2b26f3">
      <Output>
        <ErrorInfo>
          <Message>Assert.Fail failed. Delete directory </Message>
          <StackTrace>   at ProLog.Utils.Reporters.SetAssert(TestStatus reportStatus, String message, Boolean useAsserts, Boolean iterate) in C:\Users\NivNavick\Desktop\ProLogWin\ProLog\ProLog\Utils\Reporters.cs:line 37
   at ProLog.Utils.Reporters.AddLogRow(TestStatus reportStatus, String function, String message, String exception) in C:\Users\NivNavick\Desktop\ProLogWin\ProLog\ProLog\Utils\Reporters.cs:line 86
   at ProLog.Utils.Reporters.ReportLog(TestStatus reportStatus, String function, String message, Exception exception) in C:\Users\NivNavick\Desktop\ProLogWin\ProLog\ProLog\Utils\Reporters.cs:line 114
   at ProLoggerTests.UnitTest2.DeleteDirectory() in C:\Users\NivNavick\Desktop\ProLogWin\ProLog\ProLoggerTests\UnitTest2.cs:line 172
</StackTrace>
        </ErrorInfo>
      </Output>
    </UnitTestResult>
    <UnitTestResult executionId="0456c608-ccf7-482b-aa8d-88c42020dece" testId="82c8f51e-8162-f67a-d72c-a8cc348fbdb4" testName="TestMethod1" computerName="NIVNAVICK-PC" duration="00:00:00.0002406" startTime="2014-07-28T21:47:39.0420000+03:00" endTime="2014-07-28T21:47:39.0610000+03:00" testType="13cdc9d9-ddb5-4fa4-a97d-d965ccfc6d4b" outcome="Passed" testListId="8c84fa94-04c1-424b-9868-57a2d4851a1d" relativeResultsDirectory="0456c608-ccf7-482b-aa8d-88c42020dece">
    </UnitTestResult>
  </Results>
</TestRun>